<?xml version="1.0" encoding="UTF-8"?>
<map:map xmlns:map="http://www.indy.com/v2/map" id="_DUleYIIKEe6jEaGUpux4CA" internalVersion="8" tech="resource.tech#_waYSMH8VEd2__Mzb_dB76A?fileId=_waYSMH8VEd2__Mzb_dB76A$type=tech$name=flow?">
  <datastore id="_HtDTcIIKEe6jEaGUpux4CA" alias="bpi" dataset="_HtWOeIIKEe6jEaGUpux4CA" ref="resource.md#_Aq9JvIIKEe6jEaGUpux4CA?fileId=_fXn9QIIIEe6jEaGUpux4CA$type=md$name=bpi?" subExpression="[A]">
    <field id="_HtWOZoIKEe6jEaGUpux4CA" enable="true" insert="true" name="eur_rate_float" ref="resource.md#_Aq9J7IIKEe6jEaGUpux4CA?fileId=_fXn9QIIIEe6jEaGUpux4CA$type=md$name=eur_rate_float?" update="true">
      <expression id="_yLxG0IIKEe6jEaGUpux4CA" setDescriptorRef="_yLpLAIIKEe6jEaGUpux4CA">
        <expression>GET.GET/Responses/200/JSON/root/bpi/EUR/rate_float</expression>
      </expression>
    </field>
    <field id="_HtWOa4IKEe6jEaGUpux4CA" name="curr_date" ref="resource.md#_Aq9KGYIKEe6jEaGUpux4CA?fileId=_fXn9QIIIEe6jEaGUpux4CA$type=md$name=curr_date?">
      <expression id="_yLxG0YIKEe6jEaGUpux4CA" setDescriptorRef="_yLpLAIIKEe6jEaGUpux4CA">
        <expression></expression>
      </expression>
    </field>
    <field id="_HtWOZIIKEe6jEaGUpux4CA" enable="true" insert="true" name="updateduk" ref="resource.md#_Aq9J2oIKEe6jEaGUpux4CA?fileId=_fXn9QIIIEe6jEaGUpux4CA$type=md$name=updateduk?" update="true">
      <expression id="_yLxG0oIKEe6jEaGUpux4CA" setDescriptorRef="_yLpLAIIKEe6jEaGUpux4CA">
        <expression>GET.GET/Responses/200/JSON/root/time/updateduk</expression>
      </expression>
    </field>
    <field id="_HtWOZ4IKEe6jEaGUpux4CA" enable="true" insert="true" name="gbp_rate" ref="resource.md#_Aq9J9YIKEe6jEaGUpux4CA?fileId=_fXn9QIIIEe6jEaGUpux4CA$type=md$name=gbp_rate?" update="true">
      <expression id="_yLxG04IKEe6jEaGUpux4CA" setDescriptorRef="_yLpLAIIKEe6jEaGUpux4CA">
        <expression>GET.GET/Responses/200/JSON/root/bpi/GBP/rate</expression>
      </expression>
    </field>
    <field id="_HtWOYoIKEe6jEaGUpux4CA" enable="true" insert="true" name="updated" ref="resource.md#_Aq9JyIIKEe6jEaGUpux4CA?fileId=_fXn9QIIIEe6jEaGUpux4CA$type=md$name=updated?" update="true">
      <expression id="_yLxG1IIKEe6jEaGUpux4CA" setDescriptorRef="_yLpLAIIKEe6jEaGUpux4CA">
        <expression>GET.GET/Responses/200/JSON/root/time/updated</expression>
      </expression>
    </field>
    <field id="_HtWOaIIKEe6jEaGUpux4CA" enable="true" insert="true" name="gbp_rate_float" ref="resource.md#_Aq9J_oIKEe6jEaGUpux4CA?fileId=_fXn9QIIIEe6jEaGUpux4CA$type=md$name=gbp_rate_float?" update="true">
      <expression id="_yLxG1YIKEe6jEaGUpux4CA" setDescriptorRef="_yLpLAIIKEe6jEaGUpux4CA">
        <expression>GET.GET/Responses/200/JSON/root/bpi/GBP/rate_float</expression>
      </expression>
    </field>
    <field id="_HtWOY4IKEe6jEaGUpux4CA" enable="true" insert="true" name="updatediso" ref="resource.md#_Aq9J0YIKEe6jEaGUpux4CA?fileId=_fXn9QIIIEe6jEaGUpux4CA$type=md$name=updatediso?" update="true">
      <expression id="_yLxt4IIKEe6jEaGUpux4CA" setDescriptorRef="_yLpLAIIKEe6jEaGUpux4CA">
        <expression>GET.GET/Responses/200/JSON/root/time/updatedISO</expression>
      </expression>
    </field>
    <field id="_HtWOaYIKEe6jEaGUpux4CA" enable="true" insert="true" name="usd_rate" ref="resource.md#_Aq9KB4IKEe6jEaGUpux4CA?fileId=_fXn9QIIIEe6jEaGUpux4CA$type=md$name=usd_rate?" update="true">
      <expression id="_yLxt4YIKEe6jEaGUpux4CA" setDescriptorRef="_yLpLAIIKEe6jEaGUpux4CA">
        <expression>GET.GET/Responses/200/JSON/root/bpi/USD/rate</expression>
      </expression>
    </field>
    <field id="_HtWOaoIKEe6jEaGUpux4CA" enable="true" insert="true" name="usd_rate_float" ref="resource.md#_Aq9KEIIKEe6jEaGUpux4CA?fileId=_fXn9QIIIEe6jEaGUpux4CA$type=md$name=usd_rate_float?" update="true">
      <expression id="_yLxt4oIKEe6jEaGUpux4CA" setDescriptorRef="_yLpLAIIKEe6jEaGUpux4CA">
        <expression>GET.GET/Responses/200/JSON/root/bpi/USD/rate_float</expression>
      </expression>
    </field>
    <field id="_HtWOYYIKEe6jEaGUpux4CA" name="bpi_id" ref="resource.md#_Aq9Jv4IKEe6jEaGUpux4CA?fileId=_fXn9QIIIEe6jEaGUpux4CA$type=md$name=bpi_id?" updateKey="true">
      <expression id="_yLxt44IKEe6jEaGUpux4CA" setDescriptorRef="_yLpLAIIKEe6jEaGUpux4CA">
        <expression></expression>
      </expression>
    </field>
    <field id="_HtWOZYIKEe6jEaGUpux4CA" enable="true" insert="true" name="eur_rate" ref="resource.md#_Aq9J44IKEe6jEaGUpux4CA?fileId=_fXn9QIIIEe6jEaGUpux4CA$type=md$name=eur_rate?" update="true">
      <expression id="_yLxt5IIKEe6jEaGUpux4CA" setDescriptorRef="_yLpLAIIKEe6jEaGUpux4CA">
        <expression>GET.GET/Responses/200/JSON/root/bpi/EUR/rate</expression>
      </expression>
    </field>
    <constraint id="_HtWObIIKEe6jEaGUpux4CA" name="pk_bpi" ref="resource.md#_Aq9KIoIKEe6jEaGUpux4CA?fileId=_fXn9QIIIEe6jEaGUpux4CA$type=md$name=pk_bpi?" reject="true"/>
    <setDescriptor id="_yLpLAIIKEe6jEaGUpux4CA" label="A"/>
  </datastore>
  <datastore id="_tyZS0IIKEe6jEaGUpux4CA" alias="GET" dataset="_tyh1sIIKEe6jEaGUpux4CA" ref="resource.md#_gGFHcX_TEe66k6FTAcuvzA?fileId=_V28Z8H_TEe66k6FTAcuvzA$type=md?" subExpression="">
    <field id="_tyc9O4IKEe6jEaGUpux4CA" name="Content-Length" parent="_tyc9MIIKEe6jEaGUpux4CA" ref="resource.md#_lsDRhX_TEe66k6FTAcuvzA?fileId=_V28Z8H_TEe66k6FTAcuvzA$type=md$name=Content-Length?"/>
    <field id="_tygAgoIKEe6jEaGUpux4CA" fullAlias="GET/Responses/200/JSON/root/time/updated" name="updated" parent="_tygAgYIKEe6jEaGUpux4CA" ref="resource.md#_lsDRtH_TEe66k6FTAcuvzA?fileId=_V28Z8H_TEe66k6FTAcuvzA$type=md$name=updated?"/>
    <field id="_tyc9M4IKEe6jEaGUpux4CA" name="Access-Control-Allow-Origin" parent="_tyc9MIIKEe6jEaGUpux4CA" ref="resource.md#_lsDRfX_TEe66k6FTAcuvzA?fileId=_V28Z8H_TEe66k6FTAcuvzA$type=md$name=Access-Control-Allow-Origin?"/>
    <field id="_tyc9NYIKEe6jEaGUpux4CA" name="Connection" parent="_tyc9MIIKEe6jEaGUpux4CA" ref="resource.md#_lsDRf3_TEe66k6FTAcuvzA?fileId=_V28Z8H_TEe66k6FTAcuvzA$type=md$name=Connection?"/>
    <field id="_tyc9OYIKEe6jEaGUpux4CA" name="X-Amz-Cf-Id" parent="_tyc9MIIKEe6jEaGUpux4CA" ref="resource.md#_lsDRg3_TEe66k6FTAcuvzA?fileId=_V28Z8H_TEe66k6FTAcuvzA$type=md$name=X-Amz-Cf-Id?"/>
    <field id="_tyfZcIIKEe6jEaGUpux4CA" expand="false" name="GBP" parent="_tydkR4IKEe6jEaGUpux4CA" ref="resource.md#_lsDRnX_TEe66k6FTAcuvzA?fileId=_V28Z8H_TEe66k6FTAcuvzA$type=md$name=GBP?"/>
    <field id="_tydkRYIKEe6jEaGUpux4CA" name="chartName" parent="_tydkRIIKEe6jEaGUpux4CA" ref="resource.md#_lsDRjX_TEe66k6FTAcuvzA?fileId=_V28Z8H_TEe66k6FTAcuvzA$type=md$name=chartName?"/>
    <field id="_tydkQ4IKEe6jEaGUpux4CA" expand="true" name="JSON" parent="_tycWI4IKEe6jEaGUpux4CA" ref="resource.md#_lsDRiX_TEe66k6FTAcuvzA?fileId=_V28Z8H_TEe66k6FTAcuvzA$type=md?"/>
    <field id="_tycWIoIKEe6jEaGUpux4CA" expand="true" name="Responses" parent="_tycWIYIKEe6jEaGUpux4CA" ref="resource.md#_lsDRd3_TEe66k6FTAcuvzA?fileId=_V28Z8H_TEe66k6FTAcuvzA$type=md?"/>
    <field id="_tyc9OoIKEe6jEaGUpux4CA" name="Expires" parent="_tyc9MIIKEe6jEaGUpux4CA" ref="resource.md#_lsDRhH_TEe66k6FTAcuvzA?fileId=_V28Z8H_TEe66k6FTAcuvzA$type=md$name=Expires?"/>
    <field id="_tyfZd4IKEe6jEaGUpux4CA" name="code" parent="_tyfZdoIKEe6jEaGUpux4CA" ref="resource.md#_lsDRqX_TEe66k6FTAcuvzA?fileId=_V28Z8H_TEe66k6FTAcuvzA$type=md$name=code?"/>
    <field id="_tyeLUIIKEe6jEaGUpux4CA" expand="false" name="USD" parent="_tydkR4IKEe6jEaGUpux4CA" ref="resource.md#_lsDRkn_TEe66k6FTAcuvzA?fileId=_V28Z8H_TEe66k6FTAcuvzA$type=md$name=USD?"/>
    <field id="_tygAg4IKEe6jEaGUpux4CA" fullAlias="GET/Responses/200/JSON/root/time/updatedISO" name="updatedISO" parent="_tygAgYIKEe6jEaGUpux4CA" ref="resource.md#_lsDRtn_TEe66k6FTAcuvzA?fileId=_V28Z8H_TEe66k6FTAcuvzA$type=md$name=updatedISO?"/>
    <field id="_tydkQIIKEe6jEaGUpux4CA" name="Age" parent="_tyc9MIIKEe6jEaGUpux4CA" ref="resource.md#_lsDRhn_TEe66k6FTAcuvzA?fileId=_V28Z8H_TEe66k6FTAcuvzA$type=md$name=Age?"/>
    <field id="_tyfZcYIKEe6jEaGUpux4CA" name="code" parent="_tyfZcIIKEe6jEaGUpux4CA" ref="resource.md#_lsDRnn_TEe66k6FTAcuvzA?fileId=_V28Z8H_TEe66k6FTAcuvzA$type=md$name=code?"/>
    <field id="_tyc9NoIKEe6jEaGUpux4CA" name="Date" parent="_tyc9MIIKEe6jEaGUpux4CA" ref="resource.md#_lsDRgH_TEe66k6FTAcuvzA?fileId=_V28Z8H_TEe66k6FTAcuvzA$type=md$name=Date?"/>
    <field id="_tyfZc4IKEe6jEaGUpux4CA" fullAlias="GET/Responses/200/JSON/root/bpi/GBP/rate" name="rate" parent="_tyfZcIIKEe6jEaGUpux4CA" ref="resource.md#_lsDRon_TEe66k6FTAcuvzA?fileId=_V28Z8H_TEe66k6FTAcuvzA$type=md$name=rate?"/>
    <field id="_tygAgYIKEe6jEaGUpux4CA" expand="true" name="time" parent="_tydkRIIKEe6jEaGUpux4CA" ref="resource.md#_lsDRs3_TEe66k6FTAcuvzA?fileId=_V28Z8H_TEe66k6FTAcuvzA$type=md$name=time?"/>
    <field id="_tycWIYIKEe6jEaGUpux4CA" enable="true" expand="true" name="GET" ref="resource.md#_gGFHcX_TEe66k6FTAcuvzA?fileId=_V28Z8H_TEe66k6FTAcuvzA$type=md?" updateKey="true"/>
    <field id="_tydkRoIKEe6jEaGUpux4CA" name="disclaimer" parent="_tydkRIIKEe6jEaGUpux4CA" ref="resource.md#_lsDRj3_TEe66k6FTAcuvzA?fileId=_V28Z8H_TEe66k6FTAcuvzA$type=md$name=disclaimer?"/>
    <field id="_tydkR4IKEe6jEaGUpux4CA" expand="true" name="bpi" parent="_tydkRIIKEe6jEaGUpux4CA" ref="resource.md#_lsDRkX_TEe66k6FTAcuvzA?fileId=_V28Z8H_TEe66k6FTAcuvzA$type=md$name=bpi?"/>
    <field id="_tyfZeIIKEe6jEaGUpux4CA" name="symbol" parent="_tyfZdoIKEe6jEaGUpux4CA" ref="resource.md#_lsDRq3_TEe66k6FTAcuvzA?fileId=_V28Z8H_TEe66k6FTAcuvzA$type=md$name=symbol?"/>
    <field id="_tygAhIIKEe6jEaGUpux4CA" fullAlias="GET/Responses/200/JSON/root/time/updateduk" name="updateduk" parent="_tygAgYIKEe6jEaGUpux4CA" ref="resource.md#_lsDRuH_TEe66k6FTAcuvzA?fileId=_V28Z8H_TEe66k6FTAcuvzA$type=md$name=updateduk?"/>
    <field id="_tyc9MYIKEe6jEaGUpux4CA" name="X-Cache" parent="_tyc9MIIKEe6jEaGUpux4CA" ref="resource.md#_lsDRe3_TEe66k6FTAcuvzA?fileId=_V28Z8H_TEe66k6FTAcuvzA$type=md$name=X-Cache?"/>
    <field id="_tyfZeYIKEe6jEaGUpux4CA" fullAlias="GET/Responses/200/JSON/root/bpi/EUR/rate" name="rate" parent="_tyfZdoIKEe6jEaGUpux4CA" ref="resource.md#_lsDRrX_TEe66k6FTAcuvzA?fileId=_V28Z8H_TEe66k6FTAcuvzA$type=md$name=rate?"/>
    <field id="_tyeLU4IKEe6jEaGUpux4CA" fullAlias="GET/Responses/200/JSON/root/bpi/USD/rate" name="rate" parent="_tyeLUIIKEe6jEaGUpux4CA" ref="resource.md#_lsDRl3_TEe66k6FTAcuvzA?fileId=_V28Z8H_TEe66k6FTAcuvzA$type=md$name=rate?"/>
    <field id="_tydkRIIKEe6jEaGUpux4CA" expand="true" name="root" parent="_tydkQ4IKEe6jEaGUpux4CA" ref="resource.md#_lsDRjH_TEe66k6FTAcuvzA?fileId=_V28Z8H_TEe66k6FTAcuvzA$type=md$name=root?" updateKey="true"/>
    <field id="_tyeLVIIKEe6jEaGUpux4CA" name="description" parent="_tyeLUIIKEe6jEaGUpux4CA" ref="resource.md#_lsDRmX_TEe66k6FTAcuvzA?fileId=_V28Z8H_TEe66k6FTAcuvzA$type=md$name=description?"/>
    <field id="_tyfZdIIKEe6jEaGUpux4CA" name="description" parent="_tyfZcIIKEe6jEaGUpux4CA" ref="resource.md#_lsDRpH_TEe66k6FTAcuvzA?fileId=_V28Z8H_TEe66k6FTAcuvzA$type=md$name=description?"/>
    <field id="_tyc9MoIKEe6jEaGUpux4CA" name="Server" parent="_tyc9MIIKEe6jEaGUpux4CA" ref="resource.md#_lsDRfH_TEe66k6FTAcuvzA?fileId=_V28Z8H_TEe66k6FTAcuvzA$type=md$name=Server?"/>
    <field id="_tyfZeoIKEe6jEaGUpux4CA" name="description" parent="_tyfZdoIKEe6jEaGUpux4CA" ref="resource.md#_lsDRr3_TEe66k6FTAcuvzA?fileId=_V28Z8H_TEe66k6FTAcuvzA$type=md$name=description?"/>
    <field id="_tyc9OIIKEe6jEaGUpux4CA" name="Cache-Control" parent="_tyc9MIIKEe6jEaGUpux4CA" ref="resource.md#_lsDRgn_TEe66k6FTAcuvzA?fileId=_V28Z8H_TEe66k6FTAcuvzA$type=md$name=Cache-Control?"/>
    <field id="_tyc9NIIKEe6jEaGUpux4CA" name="X-Amz-Cf-Pop" parent="_tyc9MIIKEe6jEaGUpux4CA" ref="resource.md#_lsDRfn_TEe66k6FTAcuvzA?fileId=_V28Z8H_TEe66k6FTAcuvzA$type=md$name=X-Amz-Cf-Pop?"/>
    <field id="_tyeLUoIKEe6jEaGUpux4CA" name="symbol" parent="_tyeLUIIKEe6jEaGUpux4CA" ref="resource.md#_lsDRlX_TEe66k6FTAcuvzA?fileId=_V28Z8H_TEe66k6FTAcuvzA$type=md$name=symbol?"/>
    <field id="_tydkQoIKEe6jEaGUpux4CA" name="X-Powered-By" parent="_tyc9MIIKEe6jEaGUpux4CA" ref="resource.md#_lsDRiH_TEe66k6FTAcuvzA?fileId=_V28Z8H_TEe66k6FTAcuvzA$type=md$name=X-Powered-By?"/>
    <field id="_tyeyYIIKEe6jEaGUpux4CA" fullAlias="GET/Responses/200/JSON/root/bpi/USD/rate_float" name="rate_float" parent="_tyeLUIIKEe6jEaGUpux4CA" ref="resource.md#_lsDRm3_TEe66k6FTAcuvzA?fileId=_V28Z8H_TEe66k6FTAcuvzA$type=md$name=rate_float?"/>
    <field id="_tyeLUYIKEe6jEaGUpux4CA" name="code" parent="_tyeLUIIKEe6jEaGUpux4CA" ref="resource.md#_lsDRk3_TEe66k6FTAcuvzA?fileId=_V28Z8H_TEe66k6FTAcuvzA$type=md$name=code?"/>
    <field id="_tygAgIIKEe6jEaGUpux4CA" fullAlias="GET/Responses/200/JSON/root/bpi/EUR/rate_float" name="rate_float" parent="_tyfZdoIKEe6jEaGUpux4CA" ref="resource.md#_lsDRsX_TEe66k6FTAcuvzA?fileId=_V28Z8H_TEe66k6FTAcuvzA$type=md$name=rate_float?"/>
    <field id="_tyfZdoIKEe6jEaGUpux4CA" expand="true" name="EUR" parent="_tydkR4IKEe6jEaGUpux4CA" ref="resource.md#_lsDRqH_TEe66k6FTAcuvzA?fileId=_V28Z8H_TEe66k6FTAcuvzA$type=md$name=EUR?"/>
    <field id="_tyc9N4IKEe6jEaGUpux4CA" name="Via" parent="_tyc9MIIKEe6jEaGUpux4CA" ref="resource.md#_lsDRgX_TEe66k6FTAcuvzA?fileId=_V28Z8H_TEe66k6FTAcuvzA$type=md$name=Via?"/>
    <field id="_tycWI4IKEe6jEaGUpux4CA" expand="true" name="200" parent="_tycWIoIKEe6jEaGUpux4CA" ref="resource.md#_lsDReH_TEe66k6FTAcuvzA?fileId=_V28Z8H_TEe66k6FTAcuvzA$type=md?"/>
    <field id="_tyfZdYIKEe6jEaGUpux4CA" fullAlias="GET/Responses/200/JSON/root/bpi/GBP/rate_float" name="rate_float" parent="_tyfZcIIKEe6jEaGUpux4CA" ref="resource.md#_lsDRpn_TEe66k6FTAcuvzA?fileId=_V28Z8H_TEe66k6FTAcuvzA$type=md$name=rate_float?"/>
    <field id="_tyc9MIIKEe6jEaGUpux4CA" expand="true" name="Headers" parent="_tycWI4IKEe6jEaGUpux4CA" ref="resource.md#_lsDRen_TEe66k6FTAcuvzA?fileId=_V28Z8H_TEe66k6FTAcuvzA$type=md?"/>
    <field id="_tyfZcoIKEe6jEaGUpux4CA" name="symbol" parent="_tyfZcIIKEe6jEaGUpux4CA" ref="resource.md#_lsDRoH_TEe66k6FTAcuvzA?fileId=_V28Z8H_TEe66k6FTAcuvzA$type=md$name=symbol?"/>
    <field id="_tydkQYIKEe6jEaGUpux4CA" name="Content-Type" parent="_tyc9MIIKEe6jEaGUpux4CA" ref="resource.md#_lsDRh3_TEe66k6FTAcuvzA?fileId=_V28Z8H_TEe66k6FTAcuvzA$type=md$name=Content-Type?"/>
  </datastore>
  <template id="_yL0KIIIKEe6jEaGUpux4CA" name="I_bpi" process="resource.proc#_dQ2dRp4SEd6bQIkgWyxFQQ?fileId=_dQ2dRp4SEd6bQIkgWyxFQQ$type=proc$name=INTEGRATION%20PostgreSql?" targetId="_HtDTcIIKEe6jEaGUpux4CA"/>
  <template id="_yMffkIIKEe6jEaGUpux4CA" name="L1_bpi" process="resource.proc#_eNVMMrdDEd6wPMNq-9tkHw?fileId=_eNVMMrdDEd6wPMNq-9tkHw$type=proc$name=Load%20Xml%20to%20Rdbms?" sourceId="_tyZS0IIKEe6jEaGUpux4CA" targetId="_HtDTcIIKEe6jEaGUpux4CA"/>
  <dataSet id="_HtWOeIIKEe6jEaGUpux4CA">
    <container>_HtDTcIIKEe6jEaGUpux4CA</container>
  </dataSet>
  <dataSet id="_tyh1sIIKEe6jEaGUpux4CA">
    <container>_tyZS0IIKEe6jEaGUpux4CA</container>
  </dataSet>
  <hint>
    <usedField>#_tygAgoIKEe6jEaGUpux4CA</usedField>
    <usedField>#_tygAg4IKEe6jEaGUpux4CA</usedField>
    <usedField>#_tyfZc4IKEe6jEaGUpux4CA</usedField>
    <usedField>#_tygAhIIKEe6jEaGUpux4CA</usedField>
    <usedField>#_tyfZeYIKEe6jEaGUpux4CA</usedField>
    <usedField>#_tyeLU4IKEe6jEaGUpux4CA</usedField>
    <usedField>#_tyeyYIIKEe6jEaGUpux4CA</usedField>
    <usedField>#_tygAgIIKEe6jEaGUpux4CA</usedField>
    <usedField>#_tyfZdYIKEe6jEaGUpux4CA</usedField>
  </hint>
  <diagram><![CDATA[<?xml version="1.0" encoding="UTF-8"?>
<notation:Diagram xmi:version="2.0" xmlns:xmi="http://www.omg.org/XMI" xmlns:xsi="http://www.w3.org/2001/XMLSchema-instance" xmlns:map="http://www.indy.com/v2/map" xmlns:notation="http://www.eclipse.org/gmf/runtime/1.0.1/notation" xsi:schemaLocation="http://www.eclipse.org/gmf/runtime/1.0.1/notation " xmi:id="_DW1hIIIKEe6jEaGUpux4CA" type="Map" measurementUnit="Pixel">
  <children xmi:type="notation:Shape" xmi:id="_tyk5AIIKEe6jEaGUpux4CA" type="2004" fontName="Segoe UI">
    <children xmi:type="notation:DecorationNode" xmi:id="_tyk5AoIKEe6jEaGUpux4CA" type="5005"/>
    <children xmi:type="notation:DecorationNode" xmi:id="_tyk5A4IKEe6jEaGUpux4CA" type="5007"/>
    <children xmi:type="notation:DecorationNode" xmi:id="_tyk5BIIKEe6jEaGUpux4CA" type="7003"/>
    <children xmi:type="notation:DecorationNode" xmi:id="_tyk5BYIKEe6jEaGUpux4CA" type="7009"/>
    <children xmi:type="notation:BasicCompartment" xmi:id="_tyk5BoIKEe6jEaGUpux4CA" type="7004">
      <styles xmi:type="notation:SortingStyle" xmi:id="_tyk5B4IKEe6jEaGUpux4CA"/>
      <styles xmi:type="notation:FilteringStyle" xmi:id="_tyk5CIIKEe6jEaGUpux4CA"/>
    </children>
    <children xmi:type="notation:DecorationNode" xmi:id="_tyk5CYIKEe6jEaGUpux4CA" type="5009">
      <styles xmi:type="notation:DrawerStyle" xmi:id="_tyk5CoIKEe6jEaGUpux4CA"/>
    </children>
    <children xmi:type="notation:DecorationNode" xmi:id="_tyk5C4IKEe6jEaGUpux4CA" type="7005">
      <styles xmi:type="notation:SortingStyle" xmi:id="_tyk5DIIKEe6jEaGUpux4CA"/>
      <styles xmi:type="notation:FilteringStyle" xmi:id="_tyk5DYIKEe6jEaGUpux4CA"/>
    </children>
    <children xmi:type="notation:BasicCompartment" xmi:id="_tyk5DoIKEe6jEaGUpux4CA" type="7007"/>
    <element xmi:type="map:Datastore" href="resource.map#_tyZS0IIKEe6jEaGUpux4CA?fileId=_DUleYIIKEe6jEaGUpux4CA$type=map?"/>
    <layoutConstraint xmi:type="notation:Bounds" xmi:id="_tyk5AYIKEe6jEaGUpux4CA" x="67" y="89"/>
  </children>
  <children xmi:type="notation:Shape" xmi:id="_Htf_ZYIKEe6jEaGUpux4CA" type="2004" fontName="Segoe UI">
    <children xmi:type="notation:DecorationNode" xmi:id="_Htf_Z4IKEe6jEaGUpux4CA" type="5005"/>
    <children xmi:type="notation:DecorationNode" xmi:id="_Htf_aIIKEe6jEaGUpux4CA" type="5007"/>
    <children xmi:type="notation:DecorationNode" xmi:id="_Htf_aYIKEe6jEaGUpux4CA" type="7003"/>
    <children xmi:type="notation:DecorationNode" xmi:id="_Htf_aoIKEe6jEaGUpux4CA" type="7009"/>
    <children xmi:type="notation:BasicCompartment" xmi:id="_Htf_a4IKEe6jEaGUpux4CA" type="7004">
      <styles xmi:type="notation:SortingStyle" xmi:id="_Htf_bIIKEe6jEaGUpux4CA"/>
      <styles xmi:type="notation:FilteringStyle" xmi:id="_Htf_bYIKEe6jEaGUpux4CA"/>
    </children>
    <children xmi:type="notation:DecorationNode" xmi:id="_Htf_boIKEe6jEaGUpux4CA" type="5009">
      <styles xmi:type="notation:DrawerStyle" xmi:id="_Htf_b4IKEe6jEaGUpux4CA"/>
    </children>
    <children xmi:type="notation:DecorationNode" xmi:id="_Htf_cIIKEe6jEaGUpux4CA" type="7005">
      <styles xmi:type="notation:SortingStyle" xmi:id="_Htf_cYIKEe6jEaGUpux4CA"/>
      <styles xmi:type="notation:FilteringStyle" xmi:id="_Htf_coIKEe6jEaGUpux4CA"/>
    </children>
    <children xmi:type="notation:BasicCompartment" xmi:id="_Htf_c4IKEe6jEaGUpux4CA" type="7007"/>
    <children xmi:type="notation:DecorationNode" xmi:id="_Htf_dIIKEe6jEaGUpux4CA" type="5009">
      <styles xmi:type="notation:DrawerStyle" xmi:id="_Htf_dYIKEe6jEaGUpux4CA"/>
    </children>
    <element xmi:type="map:Datastore" href="resource.map#_HtDTcIIKEe6jEaGUpux4CA?fileId=_DUleYIIKEe6jEaGUpux4CA$type=map?"/>
    <layoutConstraint xmi:type="notation:Bounds" xmi:id="_Htf_ZoIKEe6jEaGUpux4CA" x="529" y="75"/>
  </children>
  <styles xmi:type="notation:DiagramStyle" xmi:id="_DW1hIYIKEe6jEaGUpux4CA"/>
  <element xmi:type="map:Map" href="resource.map#_DUleYIIKEe6jEaGUpux4CA?fileId=_DUleYIIKEe6jEaGUpux4CA$type=map$name=loadCoindesk_POSTGRE?"/>
  <edges xmi:type="notation:Edge" xmi:id="_yMYx4IIKEe6jEaGUpux4CA" type="targetLink" source="_Htf_ZYIKEe6jEaGUpux4CA" target="_tyk5AIIKEe6jEaGUpux4CA">
    <element xsi:nil="true"/>
    <bendpoints xmi:type="notation:RelativeBendpoints" xmi:id="_yMYx4YIKEe6jEaGUpux4CA" points="[-82, 13, 346, -57]$[-312, 51, 116, -19]"/>
  </edges>
  <edges xmi:type="notation:Edge" xmi:id="_yMaAAIIKEe6jEaGUpux4CA" type="targetDataSetLink" source="_Htf_ZYIKEe6jEaGUpux4CA" target="_Htf_ZYIKEe6jEaGUpux4CA">
    <element xmi:type="map:DataSet" href="resource.map#_tyh1sIIKEe6jEaGUpux4CA?fileId=_DUleYIIKEe6jEaGUpux4CA$type=map?"/>
    <bendpoints xmi:type="notation:RelativeBendpoints" xmi:id="_yMaAAYIKEe6jEaGUpux4CA" points="[0, 0, 0, 0]$[0, 0, 0, 0]"/>
  </edges>
  <edges xmi:type="notation:Edge" xmi:id="_yManEIIKEe6jEaGUpux4CA" type="targetSetLink" source="_Htf_ZYIKEe6jEaGUpux4CA" target="_Htf_ZYIKEe6jEaGUpux4CA">
    <element xmi:type="map:SetDescriptor" href="resource.map#_yLpLAIIKEe6jEaGUpux4CA?fileId=_DUleYIIKEe6jEaGUpux4CA$type=map?"/>
    <bendpoints xmi:type="notation:RelativeBendpoints" xmi:id="_yManEYIKEe6jEaGUpux4CA" points="[0, 0, 0, 0]$[0, 0, 0, 0]"/>
  </edges>
</notation:Diagram>
]]></diagram>
</map:map>