<?xml version="1.0" encoding="UTF-8"?>
<map:map xmlns:map="http://www.indy.com/v2/map" id="_P5GqsIIREe6jEaGUpux4CA" internalVersion="8" tech="resource.tech#_waYSMH8VEd2__Mzb_dB76A?fileId=_waYSMH8VEd2__Mzb_dB76A$type=tech$name=flow?">
  <datastore id="_gzknwIIREe6jEaGUpux4CA" alias="bpi" dataset="_gzzRQIIREe6jEaGUpux4CA" ref="resource.md#_Aq9JvIIKEe6jEaGUpux4CA?fileId=_fXn9QIIIEe6jEaGUpux4CA$type=md$name=bpi?" subExpression="[A]">
    <field id="_gzwN8IIREe6jEaGUpux4CA" enable="true" insert="true" name="updateduk" ref="resource.md#_Aq9J2oIKEe6jEaGUpux4CA?fileId=_fXn9QIIIEe6jEaGUpux4CA$type=md$name=updateduk?" update="true">
      <expression id="_kXpLcYIREe6jEaGUpux4CA" setDescriptorRef="_kXpLcIIREe6jEaGUpux4CA">
        <expression>GET.GET/Responses/200/JSON/root/time/updateduk</expression>
      </expression>
    </field>
    <field id="_gzyDIIIREe6jEaGUpux4CA" enable="true" insert="true" name="usd_rate" ref="resource.md#_Aq9KB4IKEe6jEaGUpux4CA?fileId=_fXn9QIIIEe6jEaGUpux4CA$type=md$name=usd_rate?" update="true">
      <expression id="_kXpygIIREe6jEaGUpux4CA" setDescriptorRef="_kXpLcIIREe6jEaGUpux4CA">
        <expression>GET.GET/Responses/200/JSON/root/bpi/USD/rate</expression>
      </expression>
    </field>
    <field id="_gzyqMIIREe6jEaGUpux4CA" name="curr_date" ref="resource.md#_Aq9KGYIKEe6jEaGUpux4CA?fileId=_fXn9QIIIEe6jEaGUpux4CA$type=md$name=curr_date?">
      <expression id="_kXpygYIREe6jEaGUpux4CA" setDescriptorRef="_kXpLcIIREe6jEaGUpux4CA">
        <expression></expression>
      </expression>
    </field>
    <field id="_gzvm4YIREe6jEaGUpux4CA" enable="true" insert="true" name="updatediso" ref="resource.md#_Aq9J0YIKEe6jEaGUpux4CA?fileId=_fXn9QIIIEe6jEaGUpux4CA$type=md$name=updatediso?" update="true">
      <expression id="_kXpygoIREe6jEaGUpux4CA" setDescriptorRef="_kXpLcIIREe6jEaGUpux4CA">
        <expression>GET.GET/Responses/200/JSON/root/time/updatedISO</expression>
      </expression>
    </field>
    <field id="_gzw1AIIREe6jEaGUpux4CA" enable="true" insert="true" name="eur_rate" ref="resource.md#_Aq9J44IKEe6jEaGUpux4CA?fileId=_fXn9QIIIEe6jEaGUpux4CA$type=md$name=eur_rate?" update="true">
      <expression id="_kXpyg4IREe6jEaGUpux4CA" setDescriptorRef="_kXpLcIIREe6jEaGUpux4CA">
        <expression>GET.GET/Responses/200/JSON/root/bpi/EUR/rate</expression>
      </expression>
    </field>
    <field id="_gzxcEYIREe6jEaGUpux4CA" enable="true" insert="true" name="gbp_rate_float" ref="resource.md#_Aq9J_oIKEe6jEaGUpux4CA?fileId=_fXn9QIIIEe6jEaGUpux4CA$type=md$name=gbp_rate_float?" update="true">
      <expression id="_kXpyhIIREe6jEaGUpux4CA" setDescriptorRef="_kXpLcIIREe6jEaGUpux4CA">
        <expression>GET.GET/Responses/200/JSON/root/bpi/GBP/rate_float</expression>
      </expression>
    </field>
    <field id="_gzyDIYIREe6jEaGUpux4CA" enable="true" insert="true" name="usd_rate_float" ref="resource.md#_Aq9KEIIKEe6jEaGUpux4CA?fileId=_fXn9QIIIEe6jEaGUpux4CA$type=md$name=usd_rate_float?" update="true">
      <expression id="_kXpyhYIREe6jEaGUpux4CA" setDescriptorRef="_kXpLcIIREe6jEaGUpux4CA">
        <expression>GET.GET/Responses/200/JSON/root/bpi/USD/rate_float</expression>
      </expression>
    </field>
    <field id="_gzu_0IIREe6jEaGUpux4CA" name="bpi_id" ref="resource.md#_Aq9Jv4IKEe6jEaGUpux4CA?fileId=_fXn9QIIIEe6jEaGUpux4CA$type=md$name=bpi_id?" updateKey="true">
      <expression id="_kXpyhoIREe6jEaGUpux4CA" setDescriptorRef="_kXpLcIIREe6jEaGUpux4CA">
        <expression></expression>
      </expression>
    </field>
    <field id="_gzvm4IIREe6jEaGUpux4CA" enable="true" insert="true" name="updated" ref="resource.md#_Aq9JyIIKEe6jEaGUpux4CA?fileId=_fXn9QIIIEe6jEaGUpux4CA$type=md$name=updated?" update="true">
      <expression id="_kXpyh4IREe6jEaGUpux4CA" setDescriptorRef="_kXpLcIIREe6jEaGUpux4CA">
        <expression>GET.GET/Responses/200/JSON/root/time/updated</expression>
      </expression>
    </field>
    <field id="_gzw1AYIREe6jEaGUpux4CA" enable="true" insert="true" name="eur_rate_float" ref="resource.md#_Aq9J7IIKEe6jEaGUpux4CA?fileId=_fXn9QIIIEe6jEaGUpux4CA$type=md$name=eur_rate_float?" update="true">
      <expression id="_kXpyiIIREe6jEaGUpux4CA" setDescriptorRef="_kXpLcIIREe6jEaGUpux4CA">
        <expression>GET.GET/Responses/200/JSON/root/bpi/EUR/rate_float</expression>
      </expression>
    </field>
    <field id="_gzxcEIIREe6jEaGUpux4CA" enable="true" insert="true" name="gbp_rate" ref="resource.md#_Aq9J9YIKEe6jEaGUpux4CA?fileId=_fXn9QIIIEe6jEaGUpux4CA$type=md$name=gbp_rate?" update="true">
      <expression id="_kXpyiYIREe6jEaGUpux4CA" setDescriptorRef="_kXpLcIIREe6jEaGUpux4CA">
        <expression>GET.GET/Responses/200/JSON/root/bpi/GBP/rate</expression>
      </expression>
    </field>
    <constraint id="_gzyqMYIREe6jEaGUpux4CA" name="pk_bpi" ref="resource.md#_Aq9KIoIKEe6jEaGUpux4CA?fileId=_fXn9QIIIEe6jEaGUpux4CA$type=md$name=pk_bpi?" reject="true"/>
    <setDescriptor id="_kXpLcIIREe6jEaGUpux4CA" label="A"/>
  </datastore>
  <datastore id="_iOg7wIIREe6jEaGUpux4CA" alias="GET" dataset="_iOlNMIIREe6jEaGUpux4CA" ref="resource.md#_gGFHcX_TEe66k6FTAcuvzA?fileId=_V28Z8H_TEe66k6FTAcuvzA$type=md?">
    <field id="_iOjYAIIREe6jEaGUpux4CA" name="X-Cache" parent="_iOiw9YIREe6jEaGUpux4CA" ref="resource.md#_lsDRe3_TEe66k6FTAcuvzA?fileId=_V28Z8H_TEe66k6FTAcuvzA$type=md$name=X-Cache?"/>
    <field id="_iOjYD4IREe6jEaGUpux4CA" expand="true" name="root" parent="_iOjYDoIREe6jEaGUpux4CA" ref="resource.md#_lsDRjH_TEe66k6FTAcuvzA?fileId=_V28Z8H_TEe66k6FTAcuvzA$type=md$name=root?" updateKey="true"/>
    <field id="_iOjYGIIREe6jEaGUpux4CA" fullAlias="GET/Responses/200/JSON/root/bpi/USD/rate_float" name="rate_float" parent="_iOjYE4IREe6jEaGUpux4CA" ref="resource.md#_lsDRm3_TEe66k6FTAcuvzA?fileId=_V28Z8H_TEe66k6FTAcuvzA$type=md$name=rate_float?"/>
    <field id="_iOiw84IREe6jEaGUpux4CA" expand="true" name="Responses" parent="_iOiw8oIREe6jEaGUpux4CA" ref="resource.md#_lsDRd3_TEe66k6FTAcuvzA?fileId=_V28Z8H_TEe66k6FTAcuvzA$type=md?"/>
    <field id="_iOjYBIIREe6jEaGUpux4CA" name="Connection" parent="_iOiw9YIREe6jEaGUpux4CA" ref="resource.md#_lsDRf3_TEe66k6FTAcuvzA?fileId=_V28Z8H_TEe66k6FTAcuvzA$type=md$name=Connection?"/>
    <field id="_iOjYDYIREe6jEaGUpux4CA" name="X-Powered-By" parent="_iOiw9YIREe6jEaGUpux4CA" ref="resource.md#_lsDRiH_TEe66k6FTAcuvzA?fileId=_V28Z8H_TEe66k6FTAcuvzA$type=md$name=X-Powered-By?"/>
    <field id="_iOiw8oIREe6jEaGUpux4CA" expand="true" name="GET" ref="resource.md#_gGFHcX_TEe66k6FTAcuvzA?fileId=_V28Z8H_TEe66k6FTAcuvzA$type=md?" updateKey="true"/>
    <field id="_iOjYFYIREe6jEaGUpux4CA" name="symbol" parent="_iOjYE4IREe6jEaGUpux4CA" ref="resource.md#_lsDRlX_TEe66k6FTAcuvzA?fileId=_V28Z8H_TEe66k6FTAcuvzA$type=md$name=symbol?"/>
    <field id="_iOiw9YIREe6jEaGUpux4CA" name="Headers" parent="_iOiw9IIREe6jEaGUpux4CA" ref="resource.md#_lsDRen_TEe66k6FTAcuvzA?fileId=_V28Z8H_TEe66k6FTAcuvzA$type=md?"/>
    <field id="_iOjYA4IREe6jEaGUpux4CA" name="X-Amz-Cf-Pop" parent="_iOiw9YIREe6jEaGUpux4CA" ref="resource.md#_lsDRfn_TEe66k6FTAcuvzA?fileId=_V28Z8H_TEe66k6FTAcuvzA$type=md$name=X-Amz-Cf-Pop?"/>
    <field id="_iOj_H4IREe6jEaGUpux4CA" fullAlias="GET/Responses/200/JSON/root/time/updateduk" name="updateduk" parent="_iOj_HIIREe6jEaGUpux4CA" ref="resource.md#_lsDRuH_TEe66k6FTAcuvzA?fileId=_V28Z8H_TEe66k6FTAcuvzA$type=md$name=updateduk?"/>
    <field id="_iOj_G4IREe6jEaGUpux4CA" fullAlias="GET/Responses/200/JSON/root/bpi/EUR/rate_float" name="rate_float" parent="_iOj_FoIREe6jEaGUpux4CA" ref="resource.md#_lsDRsX_TEe66k6FTAcuvzA?fileId=_V28Z8H_TEe66k6FTAcuvzA$type=md$name=rate_float?"/>
    <field id="_iOj_HoIREe6jEaGUpux4CA" fullAlias="GET/Responses/200/JSON/root/time/updatedISO" name="updatedISO" parent="_iOj_HIIREe6jEaGUpux4CA" ref="resource.md#_lsDRtn_TEe66k6FTAcuvzA?fileId=_V28Z8H_TEe66k6FTAcuvzA$type=md$name=updatedISO?"/>
    <field id="_iOj_F4IREe6jEaGUpux4CA" name="code" parent="_iOj_FoIREe6jEaGUpux4CA" ref="resource.md#_lsDRqX_TEe66k6FTAcuvzA?fileId=_V28Z8H_TEe66k6FTAcuvzA$type=md$name=code?"/>
    <field id="_iOjYCoIREe6jEaGUpux4CA" name="Content-Length" parent="_iOiw9YIREe6jEaGUpux4CA" ref="resource.md#_lsDRhX_TEe66k6FTAcuvzA?fileId=_V28Z8H_TEe66k6FTAcuvzA$type=md$name=Content-Length?"/>
    <field id="_iOj_EIIREe6jEaGUpux4CA" expand="true" name="GBP" parent="_iOjYEoIREe6jEaGUpux4CA" ref="resource.md#_lsDRnX_TEe66k6FTAcuvzA?fileId=_V28Z8H_TEe66k6FTAcuvzA$type=md$name=GBP?"/>
    <field id="_iOjYBYIREe6jEaGUpux4CA" name="Date" parent="_iOiw9YIREe6jEaGUpux4CA" ref="resource.md#_lsDRgH_TEe66k6FTAcuvzA?fileId=_V28Z8H_TEe66k6FTAcuvzA$type=md$name=Date?"/>
    <field id="_iOj_FIIREe6jEaGUpux4CA" name="description" parent="_iOj_EIIREe6jEaGUpux4CA" ref="resource.md#_lsDRpH_TEe66k6FTAcuvzA?fileId=_V28Z8H_TEe66k6FTAcuvzA$type=md$name=description?"/>
    <field id="_iOj_GYIREe6jEaGUpux4CA" fullAlias="GET/Responses/200/JSON/root/bpi/EUR/rate" name="rate" parent="_iOj_FoIREe6jEaGUpux4CA" ref="resource.md#_lsDRrX_TEe66k6FTAcuvzA?fileId=_V28Z8H_TEe66k6FTAcuvzA$type=md$name=rate?"/>
    <field id="_iOjYDoIREe6jEaGUpux4CA" expand="true" name="JSON" parent="_iOiw9IIREe6jEaGUpux4CA" ref="resource.md#_lsDRiX_TEe66k6FTAcuvzA?fileId=_V28Z8H_TEe66k6FTAcuvzA$type=md?"/>
    <field id="_iOjYEYIREe6jEaGUpux4CA" name="disclaimer" parent="_iOjYD4IREe6jEaGUpux4CA" ref="resource.md#_lsDRj3_TEe66k6FTAcuvzA?fileId=_V28Z8H_TEe66k6FTAcuvzA$type=md$name=disclaimer?"/>
    <field id="_iOjYFoIREe6jEaGUpux4CA" fullAlias="GET/Responses/200/JSON/root/bpi/USD/rate" name="rate" parent="_iOjYE4IREe6jEaGUpux4CA" ref="resource.md#_lsDRl3_TEe66k6FTAcuvzA?fileId=_V28Z8H_TEe66k6FTAcuvzA$type=md$name=rate?"/>
    <field id="_iOjYEoIREe6jEaGUpux4CA" expand="true" name="bpi" parent="_iOjYD4IREe6jEaGUpux4CA" ref="resource.md#_lsDRkX_TEe66k6FTAcuvzA?fileId=_V28Z8H_TEe66k6FTAcuvzA$type=md$name=bpi?"/>
    <field id="_iOjYC4IREe6jEaGUpux4CA" name="Age" parent="_iOiw9YIREe6jEaGUpux4CA" ref="resource.md#_lsDRhn_TEe66k6FTAcuvzA?fileId=_V28Z8H_TEe66k6FTAcuvzA$type=md$name=Age?"/>
    <field id="_iOiw9IIREe6jEaGUpux4CA" expand="true" name="200" parent="_iOiw84IREe6jEaGUpux4CA" ref="resource.md#_lsDReH_TEe66k6FTAcuvzA?fileId=_V28Z8H_TEe66k6FTAcuvzA$type=md?"/>
    <field id="_iOjYBoIREe6jEaGUpux4CA" name="Via" parent="_iOiw9YIREe6jEaGUpux4CA" ref="resource.md#_lsDRgX_TEe66k6FTAcuvzA?fileId=_V28Z8H_TEe66k6FTAcuvzA$type=md$name=Via?"/>
    <field id="_iOjYDIIREe6jEaGUpux4CA" name="Content-Type" parent="_iOiw9YIREe6jEaGUpux4CA" ref="resource.md#_lsDRh3_TEe66k6FTAcuvzA?fileId=_V28Z8H_TEe66k6FTAcuvzA$type=md$name=Content-Type?"/>
    <field id="_iOj_EYIREe6jEaGUpux4CA" name="code" parent="_iOj_EIIREe6jEaGUpux4CA" ref="resource.md#_lsDRnn_TEe66k6FTAcuvzA?fileId=_V28Z8H_TEe66k6FTAcuvzA$type=md$name=code?"/>
    <field id="_iOj_HIIREe6jEaGUpux4CA" expand="true" name="time" parent="_iOjYD4IREe6jEaGUpux4CA" ref="resource.md#_lsDRs3_TEe66k6FTAcuvzA?fileId=_V28Z8H_TEe66k6FTAcuvzA$type=md$name=time?"/>
    <field id="_iOjYEIIREe6jEaGUpux4CA" name="chartName" parent="_iOjYD4IREe6jEaGUpux4CA" ref="resource.md#_lsDRjX_TEe66k6FTAcuvzA?fileId=_V28Z8H_TEe66k6FTAcuvzA$type=md$name=chartName?"/>
    <field id="_iOjYAYIREe6jEaGUpux4CA" name="Server" parent="_iOiw9YIREe6jEaGUpux4CA" ref="resource.md#_lsDRfH_TEe66k6FTAcuvzA?fileId=_V28Z8H_TEe66k6FTAcuvzA$type=md$name=Server?"/>
    <field id="_iOj_FYIREe6jEaGUpux4CA" fullAlias="GET/Responses/200/JSON/root/bpi/GBP/rate_float" name="rate_float" parent="_iOj_EIIREe6jEaGUpux4CA" ref="resource.md#_lsDRpn_TEe66k6FTAcuvzA?fileId=_V28Z8H_TEe66k6FTAcuvzA$type=md$name=rate_float?"/>
    <field id="_iOjYFIIREe6jEaGUpux4CA" name="code" parent="_iOjYE4IREe6jEaGUpux4CA" ref="resource.md#_lsDRk3_TEe66k6FTAcuvzA?fileId=_V28Z8H_TEe66k6FTAcuvzA$type=md$name=code?"/>
    <field id="_iOj_EoIREe6jEaGUpux4CA" name="symbol" parent="_iOj_EIIREe6jEaGUpux4CA" ref="resource.md#_lsDRoH_TEe66k6FTAcuvzA?fileId=_V28Z8H_TEe66k6FTAcuvzA$type=md$name=symbol?"/>
    <field id="_iOj_HYIREe6jEaGUpux4CA" fullAlias="GET/Responses/200/JSON/root/time/updated" name="updated" parent="_iOj_HIIREe6jEaGUpux4CA" ref="resource.md#_lsDRtH_TEe66k6FTAcuvzA?fileId=_V28Z8H_TEe66k6FTAcuvzA$type=md$name=updated?"/>
    <field id="_iOjYB4IREe6jEaGUpux4CA" name="Cache-Control" parent="_iOiw9YIREe6jEaGUpux4CA" ref="resource.md#_lsDRgn_TEe66k6FTAcuvzA?fileId=_V28Z8H_TEe66k6FTAcuvzA$type=md$name=Cache-Control?"/>
    <field id="_iOjYF4IREe6jEaGUpux4CA" name="description" parent="_iOjYE4IREe6jEaGUpux4CA" ref="resource.md#_lsDRmX_TEe66k6FTAcuvzA?fileId=_V28Z8H_TEe66k6FTAcuvzA$type=md$name=description?"/>
    <field id="_iOj_FoIREe6jEaGUpux4CA" expand="true" name="EUR" parent="_iOjYEoIREe6jEaGUpux4CA" ref="resource.md#_lsDRqH_TEe66k6FTAcuvzA?fileId=_V28Z8H_TEe66k6FTAcuvzA$type=md$name=EUR?"/>
    <field id="_iOj_E4IREe6jEaGUpux4CA" fullAlias="GET/Responses/200/JSON/root/bpi/GBP/rate" name="rate" parent="_iOj_EIIREe6jEaGUpux4CA" ref="resource.md#_lsDRon_TEe66k6FTAcuvzA?fileId=_V28Z8H_TEe66k6FTAcuvzA$type=md$name=rate?"/>
    <field id="_iOjYAoIREe6jEaGUpux4CA" name="Access-Control-Allow-Origin" parent="_iOiw9YIREe6jEaGUpux4CA" ref="resource.md#_lsDRfX_TEe66k6FTAcuvzA?fileId=_V28Z8H_TEe66k6FTAcuvzA$type=md$name=Access-Control-Allow-Origin?"/>
    <field id="_iOj_GoIREe6jEaGUpux4CA" name="description" parent="_iOj_FoIREe6jEaGUpux4CA" ref="resource.md#_lsDRr3_TEe66k6FTAcuvzA?fileId=_V28Z8H_TEe66k6FTAcuvzA$type=md$name=description?"/>
    <field id="_iOjYCYIREe6jEaGUpux4CA" name="Expires" parent="_iOiw9YIREe6jEaGUpux4CA" ref="resource.md#_lsDRhH_TEe66k6FTAcuvzA?fileId=_V28Z8H_TEe66k6FTAcuvzA$type=md$name=Expires?"/>
    <field id="_iOjYE4IREe6jEaGUpux4CA" expand="false" name="USD" parent="_iOjYEoIREe6jEaGUpux4CA" ref="resource.md#_lsDRkn_TEe66k6FTAcuvzA?fileId=_V28Z8H_TEe66k6FTAcuvzA$type=md$name=USD?"/>
    <field id="_iOj_GIIREe6jEaGUpux4CA" name="symbol" parent="_iOj_FoIREe6jEaGUpux4CA" ref="resource.md#_lsDRq3_TEe66k6FTAcuvzA?fileId=_V28Z8H_TEe66k6FTAcuvzA$type=md$name=symbol?"/>
    <field id="_iOjYCIIREe6jEaGUpux4CA" name="X-Amz-Cf-Id" parent="_iOiw9YIREe6jEaGUpux4CA" ref="resource.md#_lsDRg3_TEe66k6FTAcuvzA?fileId=_V28Z8H_TEe66k6FTAcuvzA$type=md$name=X-Amz-Cf-Id?"/>
  </datastore>
  <template id="_kXrnsIIREe6jEaGUpux4CA" name="I_bpi" process="resource.proc#_dQ2dRp4SEd6bQIkgWyxFQQ?fileId=_dQ2dRp4SEd6bQIkgWyxFQQ$type=proc$name=INTEGRATION%20PostgreSql?" targetId="_gzknwIIREe6jEaGUpux4CA"/>
  <template id="_kYF3YIIREe6jEaGUpux4CA" name="L1_bpi" process="resource.proc#_eNVMMrdDEd6wPMNq-9tkHw?fileId=_eNVMMrdDEd6wPMNq-9tkHw$type=proc$name=Load%20Xml%20to%20Rdbms?" sourceId="_iOg7wIIREe6jEaGUpux4CA" targetId="_gzknwIIREe6jEaGUpux4CA"/>
  <dataSet id="_gzzRQIIREe6jEaGUpux4CA">
    <container>_gzknwIIREe6jEaGUpux4CA</container>
  </dataSet>
  <dataSet id="_iOlNMIIREe6jEaGUpux4CA">
    <container>_iOg7wIIREe6jEaGUpux4CA</container>
  </dataSet>
  <hint>
    <usedField>#_iOjYGIIREe6jEaGUpux4CA</usedField>
    <usedField>#_iOj_H4IREe6jEaGUpux4CA</usedField>
    <usedField>#_iOj_G4IREe6jEaGUpux4CA</usedField>
    <usedField>#_iOj_HoIREe6jEaGUpux4CA</usedField>
    <usedField>#_iOj_GYIREe6jEaGUpux4CA</usedField>
    <usedField>#_iOjYFoIREe6jEaGUpux4CA</usedField>
    <usedField>#_iOj_FYIREe6jEaGUpux4CA</usedField>
    <usedField>#_iOj_HYIREe6jEaGUpux4CA</usedField>
    <usedField>#_iOj_E4IREe6jEaGUpux4CA</usedField>
  </hint>
  <diagram><![CDATA[<?xml version="1.0" encoding="UTF-8"?>
<notation:Diagram xmi:version="2.0" xmlns:xmi="http://www.omg.org/XMI" xmlns:xsi="http://www.w3.org/2001/XMLSchema-instance" xmlns:map="http://www.indy.com/v2/map" xmlns:notation="http://www.eclipse.org/gmf/runtime/1.0.1/notation" xsi:schemaLocation="http://www.eclipse.org/gmf/runtime/1.0.1/notation " xmi:id="_YPft4IIREe6jEaGUpux4CA" type="Map" measurementUnit="Pixel">
  <children xmi:type="notation:Shape" xmi:id="_iOnCYIIREe6jEaGUpux4CA" type="2004" fontName="Segoe UI">
    <children xmi:type="notation:DecorationNode" xmi:id="_iOnCYoIREe6jEaGUpux4CA" type="5005"/>
    <children xmi:type="notation:DecorationNode" xmi:id="_iOnCY4IREe6jEaGUpux4CA" type="5007"/>
    <children xmi:type="notation:DecorationNode" xmi:id="_iOnCZIIREe6jEaGUpux4CA" type="7003"/>
    <children xmi:type="notation:DecorationNode" xmi:id="_iOnCZYIREe6jEaGUpux4CA" type="7009"/>
    <children xmi:type="notation:BasicCompartment" xmi:id="_iOnCZoIREe6jEaGUpux4CA" type="7004">
      <styles xmi:type="notation:SortingStyle" xmi:id="_iOnCZ4IREe6jEaGUpux4CA"/>
      <styles xmi:type="notation:FilteringStyle" xmi:id="_iOnCaIIREe6jEaGUpux4CA"/>
    </children>
    <children xmi:type="notation:DecorationNode" xmi:id="_iOnCaYIREe6jEaGUpux4CA" type="5009">
      <styles xmi:type="notation:DrawerStyle" xmi:id="_iOnCaoIREe6jEaGUpux4CA"/>
    </children>
    <children xmi:type="notation:DecorationNode" xmi:id="_iOnCa4IREe6jEaGUpux4CA" type="7005">
      <styles xmi:type="notation:SortingStyle" xmi:id="_iOnCbIIREe6jEaGUpux4CA"/>
      <styles xmi:type="notation:FilteringStyle" xmi:id="_iOnCbYIREe6jEaGUpux4CA"/>
    </children>
    <children xmi:type="notation:BasicCompartment" xmi:id="_iOnCboIREe6jEaGUpux4CA" type="7007"/>
    <element xmi:type="map:Datastore" href="resource.map#_iOg7wIIREe6jEaGUpux4CA?fileId=_P5GqsIIREe6jEaGUpux4CA$type=map?"/>
    <layoutConstraint xmi:type="notation:Bounds" xmi:id="_iOnCYYIREe6jEaGUpux4CA" x="97" y="98"/>
  </children>
  <children xmi:type="notation:Shape" xmi:id="_gz1tgIIREe6jEaGUpux4CA" type="2004" fontName="Segoe UI">
    <children xmi:type="notation:DecorationNode" xmi:id="_gz1tgoIREe6jEaGUpux4CA" type="5005"/>
    <children xmi:type="notation:DecorationNode" xmi:id="_gz1tg4IREe6jEaGUpux4CA" type="5007"/>
    <children xmi:type="notation:DecorationNode" xmi:id="_gz1thIIREe6jEaGUpux4CA" type="7003"/>
    <children xmi:type="notation:DecorationNode" xmi:id="_gz1thYIREe6jEaGUpux4CA" type="7009"/>
    <children xmi:type="notation:BasicCompartment" xmi:id="_gz1thoIREe6jEaGUpux4CA" type="7004">
      <styles xmi:type="notation:SortingStyle" xmi:id="_gz1th4IREe6jEaGUpux4CA"/>
      <styles xmi:type="notation:FilteringStyle" xmi:id="_gz1tiIIREe6jEaGUpux4CA"/>
    </children>
    <children xmi:type="notation:DecorationNode" xmi:id="_gz1tiYIREe6jEaGUpux4CA" type="5009">
      <styles xmi:type="notation:DrawerStyle" xmi:id="_gz1tioIREe6jEaGUpux4CA"/>
    </children>
    <children xmi:type="notation:DecorationNode" xmi:id="_gz1ti4IREe6jEaGUpux4CA" type="7005">
      <styles xmi:type="notation:SortingStyle" xmi:id="_gz1tjIIREe6jEaGUpux4CA"/>
      <styles xmi:type="notation:FilteringStyle" xmi:id="_gz1tjYIREe6jEaGUpux4CA"/>
    </children>
    <children xmi:type="notation:BasicCompartment" xmi:id="_gz1tjoIREe6jEaGUpux4CA" type="7007"/>
    <element xmi:type="map:Datastore" href="resource.map#_gzknwIIREe6jEaGUpux4CA?fileId=_P5GqsIIREe6jEaGUpux4CA$type=map?"/>
    <layoutConstraint xmi:type="notation:Bounds" xmi:id="_gz1tgYIREe6jEaGUpux4CA" x="560" y="84"/>
  </children>
  <styles xmi:type="notation:DiagramStyle" xmi:id="_YPft4YIREe6jEaGUpux4CA"/>
  <element xmi:type="map:Map" href="resource.map#_P5GqsIIREe6jEaGUpux4CA?fileId=_P5GqsIIREe6jEaGUpux4CA$type=map$name=loadCoindesk_POSTGRE?"/>
  <edges xmi:type="notation:Edge" xmi:id="_kYC0EIIREe6jEaGUpux4CA" type="targetLink" source="_gz1tgIIREe6jEaGUpux4CA" target="_iOnCYIIREe6jEaGUpux4CA">
    <element xsi:nil="true"/>
    <bendpoints xmi:type="notation:RelativeBendpoints" xmi:id="_kYC0EYIREe6jEaGUpux4CA" points="[-82, 6, 351, -24]$[-320, 22, 113, -8]"/>
  </edges>
  <edges xmi:type="notation:Edge" xmi:id="_kYDbIIIREe6jEaGUpux4CA" type="targetDataSetLink" source="_gz1tgIIREe6jEaGUpux4CA" target="_gz1tgIIREe6jEaGUpux4CA">
    <element xmi:type="map:DataSet" href="resource.map#_iOlNMIIREe6jEaGUpux4CA?fileId=_P5GqsIIREe6jEaGUpux4CA$type=map?"/>
    <bendpoints xmi:type="notation:RelativeBendpoints" xmi:id="_kYDbIYIREe6jEaGUpux4CA" points="[0, 0, 0, 0]$[0, 0, 0, 0]"/>
  </edges>
  <edges xmi:type="notation:Edge" xmi:id="_kYDbIoIREe6jEaGUpux4CA" type="targetSetLink" source="_gz1tgIIREe6jEaGUpux4CA" target="_gz1tgIIREe6jEaGUpux4CA">
    <element xmi:type="map:SetDescriptor" href="resource.map#_kXpLcIIREe6jEaGUpux4CA?fileId=_P5GqsIIREe6jEaGUpux4CA$type=map?"/>
    <bendpoints xmi:type="notation:RelativeBendpoints" xmi:id="_kYDbI4IREe6jEaGUpux4CA" points="[0, 0, 0, 0]$[0, 0, 0, 0]"/>
  </edges>
</notation:Diagram>
]]></diagram>
</map:map>